// Vitest Snapshot v1, https://vitest.dev/guide/snapshot.html

exports[`Test components: Tab > Snapshot 1`] = `
<div>
  <div
    class="tabs tabs-boxed"
    role="tablist"
  />
</div>
`;
