// Vitest Snapshot v1, https://vitest.dev/guide/snapshot.html

exports[`Test components: Card > Snapshot 1`] = `
<div>
  <div
    class="card w-46 bg-white shadow-xl"
  >
    <img
      alt="Shoes"
      class="object-fill h-32 w-full rounded relative"
    />
    <button
      class="absolute top-0 right-0 left-0 bottom-0 text-white font-bold"
    >
      pause
    </button>
  </div>
</div>
`;
