// Vitest Snapshot v1, https://vitest.dev/guide/snapshot.html

exports[`Test components: CardLoader > Snapshot 1`] = `
<div>
  <div
    class="flex flex-col gap-4 w-46"
  >
    <div
      class="skeleton h-32 w-full"
    />
    <div
      class="skeleton h-4 w-28"
    />
  </div>
</div>
`;
